<?xml version="1.0" encoding="ISO-8859-1" ?>
<link_info>
   <banner>TMS320C2000 Linker PC v22.6.1.LTS</banner>
   <copyright>Copyright (c) 1996-2018 Texas Instruments Incorporated</copyright>
   <link_time>0x672718fe</link_time>
   <link_errors>0x0</link_errors>
   <output_file>H_Full_Bridge.out</output_file>
   <entry_point>
      <name>code_start</name>
      <address>0x0</address>
   </entry_point>
   <input_file_list>
      <input_file id="fl-2">
         <path>.\</path>
         <kind>object</kind>
         <file>F2837xD_CodeStartBranch.obj</file>
         <name>F2837xD_CodeStartBranch.obj</name>
      </input_file>
      <input_file id="fl-3">
         <path>.\</path>
         <kind>object</kind>
         <file>F2837xD_DefaultISR.obj</file>
         <name>F2837xD_DefaultISR.obj</name>
      </input_file>
      <input_file id="fl-4">
         <path>.\</path>
         <kind>object</kind>
         <file>F2837xD_GlobalVariableDefs.obj</file>
         <name>F2837xD_GlobalVariableDefs.obj</name>
      </input_file>
      <input_file id="fl-5">
         <path>.\</path>
         <kind>object</kind>
         <file>F2837xD_Gpio.obj</file>
         <name>F2837xD_Gpio.obj</name>
      </input_file>
      <input_file id="fl-6">
         <path>.\</path>
         <kind>object</kind>
         <file>F2837xD_Ipc.obj</file>
         <name>F2837xD_Ipc.obj</name>
      </input_file>
      <input_file id="fl-7">
         <path>.\</path>
         <kind>object</kind>
         <file>F2837xD_PieCtrl.obj</file>
         <name>F2837xD_PieCtrl.obj</name>
      </input_file>
      <input_file id="fl-8">
         <path>.\</path>
         <kind>object</kind>
         <file>F2837xD_PieVect.obj</file>
         <name>F2837xD_PieVect.obj</name>
      </input_file>
      <input_file id="fl-9">
         <path>.\</path>
         <kind>object</kind>
         <file>F2837xD_SysCtrl.obj</file>
         <name>F2837xD_SysCtrl.obj</name>
      </input_file>
      <input_file id="fl-a">
         <path>.\</path>
         <kind>object</kind>
         <file>F2837xD_sdfm_drivers.obj</file>
         <name>F2837xD_sdfm_drivers.obj</name>
      </input_file>
      <input_file id="fl-b">
         <path>.\</path>
         <kind>object</kind>
         <file>F2837xD_struct.obj</file>
         <name>F2837xD_struct.obj</name>
      </input_file>
      <input_file id="fl-c">
         <path>.\</path>
         <kind>object</kind>
         <file>F2837xD_usDelay.obj</file>
         <name>F2837xD_usDelay.obj</name>
      </input_file>
      <input_file id="fl-d">
         <path>.\</path>
         <kind>object</kind>
         <file>sdfm_filter_sync_cla_cpu01.obj</file>
         <name>sdfm_filter_sync_cla_cpu01.obj</name>
      </input_file>
      <input_file id="fl-e">
         <path>.\</path>
         <kind>object</kind>
         <file>sdfm_filter_sync.obj</file>
         <name>sdfm_filter_sync.obj</name>
      </input_file>
      <input_file id="fl-14">
         <kind>object</kind>
         <file>&lt;internal&gt;</file>
         <name>&lt;internal&gt;</name>
      </input_file>
      <input_file id="fl-15">
         <path>C:\ti\ccs1250\ccs\tools\compiler\ti-cgt-c2000_22.6.1.LTS\lib\</path>
         <kind>archive</kind>
         <file>rts2800_fpu32.lib</file>
         <name>boot28.asm.obj</name>
      </input_file>
      <input_file id="fl-16">
         <path>C:\ti\ccs1250\ccs\tools\compiler\ti-cgt-c2000_22.6.1.LTS\lib\</path>
         <kind>archive</kind>
         <file>rts2800_fpu32.lib</file>
         <name>fs_div28.asm.obj</name>
      </input_file>
      <input_file id="fl-17">
         <path>C:\ti\ccs1250\ccs\tools\compiler\ti-cgt-c2000_22.6.1.LTS\lib\</path>
         <kind>archive</kind>
         <file>rts2800_fpu32.lib</file>
         <name>ll_aox28.asm.obj</name>
      </input_file>
      <input_file id="fl-18">
         <path>C:\ti\ccs1250\ccs\tools\compiler\ti-cgt-c2000_22.6.1.LTS\lib\</path>
         <kind>archive</kind>
         <file>rts2800_fpu32.lib</file>
         <name>cpy_tbl.c.obj</name>
      </input_file>
      <input_file id="fl-19">
         <path>C:\ti\ccs1250\ccs\tools\compiler\ti-cgt-c2000_22.6.1.LTS\lib\</path>
         <kind>archive</kind>
         <file>rts2800_fpu32.lib</file>
         <name>memcpy.c.obj</name>
      </input_file>
      <input_file id="fl-1a">
         <path>C:\ti\ccs1250\ccs\tools\compiler\ti-cgt-c2000_22.6.1.LTS\lib\</path>
         <kind>archive</kind>
         <file>rts2800_fpu32.lib</file>
         <name>pre_init.c.obj</name>
      </input_file>
      <input_file id="fl-1b">
         <path>C:\ti\ccs1250\ccs\tools\compiler\ti-cgt-c2000_22.6.1.LTS\lib\</path>
         <kind>archive</kind>
         <file>rts2800_fpu32.lib</file>
         <name>startup.c.obj</name>
      </input_file>
      <input_file id="fl-1c">
         <path>C:\ti\ccs1250\ccs\tools\compiler\ti-cgt-c2000_22.6.1.LTS\lib\</path>
         <kind>archive</kind>
         <file>rts2800_fpu32.lib</file>
         <name>exit.c.obj</name>
      </input_file>
      <input_file id="fl-1d">
         <path>C:\ti\ccs1250\ccs\tools\compiler\ti-cgt-c2000_22.6.1.LTS\lib\</path>
         <kind>archive</kind>
         <file>rts2800_fpu32.lib</file>
         <name>_lock.c.obj</name>
      </input_file>
      <input_file id="fl-1e">
         <path>C:\ti\ccs1250\ccs\tools\compiler\ti-cgt-c2000_22.6.1.LTS\lib\</path>
         <kind>archive</kind>
         <file>rts2800_fpu32.lib</file>
         <name>args_main.c.obj</name>
      </input_file>
      <input_file id="fl-1f">
         <path>C:\ti\ccs1250\ccs\tools\compiler\ti-cgt-c2000_22.6.1.LTS\lib\</path>
         <kind>archive</kind>
         <file>rts2800_fpu32.lib</file>
         <name>memset.c.obj</name>
      </input_file>
   </input_file_list>
   <object_component_list>
      <object_component id="oc-93">
         <name>codestart</name>
         <load_address>0x0</load_address>
         <run_address>0x0</run_address>
         <size>0x2</size>
         <input_file_ref idref="fl-2"/>
      </object_component>
      <object_component id="oc-23a">
         <name>.text:_Sdfm_configureData_filter</name>
         <load_address>0xb000</load_address>
         <run_address>0xb000</run_address>
         <size>0x267</size>
         <input_file_ref idref="fl-a"/>
      </object_component>
      <object_component id="oc-239">
         <name>.text:_Sdfm_configureComparator</name>
         <load_address>0xb267</load_address>
         <run_address>0xb267</run_address>
         <size>0x1f4</size>
         <input_file_ref idref="fl-a"/>
      </object_component>
      <object_component id="oc-244">
         <name>.text:_InitSysPll</name>
         <load_address>0xb45b</load_address>
         <run_address>0xb45b</run_address>
         <size>0x1ef</size>
         <input_file_ref idref="fl-9"/>
      </object_component>
      <object_component id="oc-22d">
         <name>.text:_main</name>
         <load_address>0xb64a</load_address>
         <run_address>0xb64a</run_address>
         <size>0x12c</size>
         <input_file_ref idref="fl-d"/>
      </object_component>
      <object_component id="oc-1e9">
         <name>.text</name>
         <load_address>0xb776</load_address>
         <run_address>0xb776</run_address>
         <size>0x88</size>
         <input_file_ref idref="fl-16"/>
      </object_component>
      <object_component id="oc-227">
         <name>.text</name>
         <load_address>0xb7fe</load_address>
         <run_address>0xb7fe</run_address>
         <size>0x2</size>
         <input_file_ref idref="fl-1a"/>
      </object_component>
      <object_component id="oc-23d">
         <name>.text:_Sdfm_configureInterrupt</name>
         <load_address>0xb800</load_address>
         <run_address>0xb800</run_address>
         <size>0x1c2</size>
         <input_file_ref idref="fl-a"/>
      </object_component>
      <object_component id="oc-232">
         <name>.text:_PWM</name>
         <load_address>0xb9c2</load_address>
         <run_address>0xb9c2</run_address>
         <size>0xaf</size>
         <input_file_ref idref="fl-d"/>
      </object_component>
      <object_component id="oc-247">
         <name>.text:_GPIO_SetupPinOptions</name>
         <load_address>0xba71</load_address>
         <run_address>0xba71</run_address>
         <size>0x94</size>
         <input_file_ref idref="fl-5"/>
      </object_component>
      <object_component id="oc-248">
         <name>.text:_GPIO_SetupPinMux</name>
         <load_address>0xbb05</load_address>
         <run_address>0xbb05</run_address>
         <size>0x8c</size>
         <input_file_ref idref="fl-5"/>
      </object_component>
      <object_component id="oc-245">
         <name>.text:_InitPeripheralClocks</name>
         <load_address>0xbb91</load_address>
         <run_address>0xbb91</run_address>
         <size>0x84</size>
         <input_file_ref idref="fl-9"/>
      </object_component>
      <object_component id="oc-238">
         <name>.text:_Sdfm_configureInputCtrl</name>
         <load_address>0xbc15</load_address>
         <run_address>0xbc15</run_address>
         <size>0x7f</size>
         <input_file_ref idref="fl-a"/>
      </object_component>
      <object_component id="oc-23c">
         <name>.text:_Sdfm_configureExternalreset</name>
         <load_address>0xbc94</load_address>
         <run_address>0xbc94</run_address>
         <size>0x73</size>
         <input_file_ref idref="fl-a"/>
      </object_component>
      <object_component id="oc-1e2">
         <name>.text</name>
         <load_address>0xbd07</load_address>
         <run_address>0xbd07</run_address>
         <size>0x56</size>
         <input_file_ref idref="fl-15"/>
      </object_component>
      <object_component id="oc-237">
         <name>.text:_CLA_initCpu1Cla</name>
         <load_address>0xbd5d</load_address>
         <run_address>0xbd5d</run_address>
         <size>0x46</size>
         <input_file_ref idref="fl-d"/>
      </object_component>
      <object_component id="oc-235">
         <name>.text:_Sdfm_configurePins</name>
         <load_address>0xbda3</load_address>
         <run_address>0xbda3</run_address>
         <size>0x45</size>
         <input_file_ref idref="fl-d"/>
      </object_component>
      <object_component id="oc-236">
         <name>.text:_Cla_initMemoryMap</name>
         <load_address>0xbde8</load_address>
         <run_address>0xbde8</run_address>
         <size>0x3c</size>
         <input_file_ref idref="fl-d"/>
      </object_component>
      <object_component id="oc-22b">
         <name>.text</name>
         <load_address>0xbe24</load_address>
         <run_address>0xbe24</run_address>
         <size>0x29</size>
         <input_file_ref idref="fl-1c"/>
      </object_component>
      <object_component id="oc-234">
         <name>.text:_InitPieVectTable</name>
         <load_address>0xbe4d</load_address>
         <run_address>0xbe4d</run_address>
         <size>0x26</size>
         <input_file_ref idref="fl-8"/>
      </object_component>
      <object_component id="oc-231">
         <name>.text:_PWM_Init</name>
         <load_address>0xbe73</load_address>
         <run_address>0xbe73</run_address>
         <size>0x26</size>
         <input_file_ref idref="fl-d"/>
      </object_component>
      <object_component id="oc-252">
         <name>.text:_GPIO_EnableUnbondedIOPullupsFor100Pin</name>
         <load_address>0xbe99</load_address>
         <run_address>0xbe99</run_address>
         <size>0x25</size>
         <input_file_ref idref="fl-5"/>
      </object_component>
      <object_component id="oc-228">
         <name>.text</name>
         <load_address>0xbebe</load_address>
         <run_address>0xbebe</run_address>
         <size>0x24</size>
         <input_file_ref idref="fl-18"/>
      </object_component>
      <object_component id="oc-230">
         <name>.text:_InitSysCtrl</name>
         <load_address>0xbee2</load_address>
         <run_address>0xbee2</run_address>
         <size>0x20</size>
         <input_file_ref idref="fl-9"/>
      </object_component>
      <object_component id="oc-233">
         <name>.text:_InitPieCtrl</name>
         <load_address>0xbf02</load_address>
         <run_address>0xbf02</run_address>
         <size>0x1f</size>
         <input_file_ref idref="fl-7"/>
      </object_component>
      <object_component id="oc-243">
         <name>.text:_ConfigureTMXAnalogTrim</name>
         <load_address>0xbf21</load_address>
         <run_address>0xbf21</run_address>
         <size>0x1d</size>
         <input_file_ref idref="fl-9"/>
      </object_component>
      <object_component id="oc-22c">
         <name>.text</name>
         <load_address>0xbf3e</load_address>
         <run_address>0xbf3e</run_address>
         <size>0x1d</size>
         <input_file_ref idref="fl-19"/>
      </object_component>
      <object_component id="oc-253">
         <name>.text:_GPIO_EnableUnbondedIOPullupsFor176Pin</name>
         <load_address>0xbf5b</load_address>
         <run_address>0xbf5b</run_address>
         <size>0x19</size>
         <input_file_ref idref="fl-5"/>
      </object_component>
      <object_component id="oc-1ee">
         <name>.text</name>
         <load_address>0xbf74</load_address>
         <run_address>0xbf74</run_address>
         <size>0x18</size>
         <input_file_ref idref="fl-17"/>
      </object_component>
      <object_component id="oc-242">
         <name>.text:_GPIO_EnableUnbondedIOPullups</name>
         <load_address>0xbf8c</load_address>
         <run_address>0xbf8c</run_address>
         <size>0x16</size>
         <input_file_ref idref="fl-5"/>
      </object_component>
      <object_component id="oc-255">
         <name>.text:_SysIntOsc2Sel</name>
         <load_address>0xbfa2</load_address>
         <run_address>0xbfa2</run_address>
         <size>0x14</size>
         <input_file_ref idref="fl-9"/>
      </object_component>
      <object_component id="oc-1cb">
         <name>.text:_cla1Isr2</name>
         <load_address>0xbfb6</load_address>
         <run_address>0xbfb6</run_address>
         <size>0x13</size>
         <input_file_ref idref="fl-d"/>
      </object_component>
      <object_component id="oc-22a">
         <name>.text</name>
         <load_address>0xbfc9</load_address>
         <run_address>0xbfc9</run_address>
         <size>0x12</size>
         <input_file_ref idref="fl-1e"/>
      </object_component>
      <object_component id="oc-23b">
         <name>.text:_Sdfm_enableMFE</name>
         <load_address>0xbfdb</load_address>
         <run_address>0xbfdb</run_address>
         <size>0x11</size>
         <input_file_ref idref="fl-a"/>
      </object_component>
      <object_component id="oc-23e">
         <name>.text:_Sdfm_enableMIE</name>
         <load_address>0xbfec</load_address>
         <run_address>0xbfec</run_address>
         <size>0x11</size>
         <input_file_ref idref="fl-a"/>
      </object_component>
      <object_component id="oc-229">
         <name>.text</name>
         <load_address>0xbffd</load_address>
         <run_address>0xbffd</run_address>
         <size>0x1</size>
         <input_file_ref idref="fl-1b"/>
      </object_component>
      <object_component id="oc-1ca">
         <name>.text:_cla1Isr1</name>
         <load_address>0xd000</load_address>
         <run_address>0xd000</run_address>
         <size>0x11</size>
         <input_file_ref idref="fl-d"/>
      </object_component>
      <object_component id="oc-1d1">
         <name>.text:_cla1Isr8</name>
         <load_address>0xd011</load_address>
         <run_address>0xd011</run_address>
         <size>0x11</size>
         <input_file_ref idref="fl-d"/>
      </object_component>
      <object_component id="oc-254">
         <name>.text:_SysIntOsc1Sel</name>
         <load_address>0xd022</load_address>
         <run_address>0xd022</run_address>
         <size>0x10</size>
         <input_file_ref idref="fl-9"/>
      </object_component>
      <object_component id="oc-256">
         <name>.text:_SysXtalOscSel</name>
         <load_address>0xd032</load_address>
         <run_address>0xd032</run_address>
         <size>0x10</size>
         <input_file_ref idref="fl-9"/>
      </object_component>
      <object_component id="oc-1cc">
         <name>.text:_cla1Isr3</name>
         <load_address>0xd042</load_address>
         <run_address>0xd042</run_address>
         <size>0xf</size>
         <input_file_ref idref="fl-d"/>
      </object_component>
      <object_component id="oc-1cd">
         <name>.text:_cla1Isr4</name>
         <load_address>0xd051</load_address>
         <run_address>0xd051</run_address>
         <size>0xf</size>
         <input_file_ref idref="fl-d"/>
      </object_component>
      <object_component id="oc-1ce">
         <name>.text:_cla1Isr5</name>
         <load_address>0xd060</load_address>
         <run_address>0xd060</run_address>
         <size>0xf</size>
         <input_file_ref idref="fl-d"/>
      </object_component>
      <object_component id="oc-1cf">
         <name>.text:_cla1Isr6</name>
         <load_address>0xd06f</load_address>
         <run_address>0xd06f</run_address>
         <size>0xf</size>
         <input_file_ref idref="fl-d"/>
      </object_component>
      <object_component id="oc-1d0">
         <name>.text:_cla1Isr7</name>
         <load_address>0xd07e</load_address>
         <run_address>0xd07e</run_address>
         <size>0xf</size>
         <input_file_ref idref="fl-d"/>
      </object_component>
      <object_component id="oc-241">
         <name>.text:_DisableDog</name>
         <load_address>0xd08d</load_address>
         <run_address>0xd08d</run_address>
         <size>0xe</size>
         <input_file_ref idref="fl-9"/>
      </object_component>
      <object_component id="oc-257">
         <name>.text:_ServiceDog</name>
         <load_address>0xd09b</load_address>
         <run_address>0xd09b</run_address>
         <size>0xe</size>
         <input_file_ref idref="fl-9"/>
      </object_component>
      <object_component id="oc-125">
         <name>.text:_EMPTY_ISR</name>
         <load_address>0xd0a9</load_address>
         <run_address>0xd0a9</run_address>
         <size>0xd</size>
         <input_file_ref idref="fl-3"/>
      </object_component>
      <object_component id="oc-ad">
         <name>.text:_ADCA1_ISR</name>
         <load_address>0xd0b6</load_address>
         <run_address>0xd0b6</run_address>
         <size>0xa</size>
         <input_file_ref idref="fl-3"/>
      </object_component>
      <object_component id="oc-ed">
         <name>.text:_ADCA2_ISR</name>
         <load_address>0xd0c0</load_address>
         <run_address>0xd0c0</run_address>
         <size>0xa</size>
         <input_file_ref idref="fl-3"/>
      </object_component>
      <object_component id="oc-ee">
         <name>.text:_ADCA3_ISR</name>
         <load_address>0xd0ca</load_address>
         <run_address>0xd0ca</run_address>
         <size>0xa</size>
         <input_file_ref idref="fl-3"/>
      </object_component>
      <object_component id="oc-ef">
         <name>.text:_ADCA4_ISR</name>
         <load_address>0xd0d4</load_address>
         <run_address>0xd0d4</run_address>
         <size>0xa</size>
         <input_file_ref idref="fl-3"/>
      </object_component>
      <object_component id="oc-ec">
         <name>.text:_ADCA_EVT_ISR</name>
         <load_address>0xd0de</load_address>
         <run_address>0xd0de</run_address>
         <size>0xa</size>
         <input_file_ref idref="fl-3"/>
      </object_component>
      <object_component id="oc-ae">
         <name>.text:_ADCB1_ISR</name>
         <load_address>0xd0e8</load_address>
         <run_address>0xd0e8</run_address>
         <size>0xa</size>
         <input_file_ref idref="fl-3"/>
      </object_component>
      <object_component id="oc-f1">
         <name>.text:_ADCB2_ISR</name>
         <load_address>0xd0f2</load_address>
         <run_address>0xd0f2</run_address>
         <size>0xa</size>
         <input_file_ref idref="fl-3"/>
      </object_component>
      <object_component id="oc-f2">
         <name>.text:_ADCB3_ISR</name>
         <load_address>0xd0fc</load_address>
         <run_address>0xd0fc</run_address>
         <size>0xa</size>
         <input_file_ref idref="fl-3"/>
      </object_component>
      <object_component id="oc-f3">
         <name>.text:_ADCB4_ISR</name>
         <load_address>0xd106</load_address>
         <run_address>0xd106</run_address>
         <size>0xa</size>
         <input_file_ref idref="fl-3"/>
      </object_component>
      <object_component id="oc-f0">
         <name>.text:_ADCB_EVT_ISR</name>
         <load_address>0xd110</load_address>
         <run_address>0xd110</run_address>
         <size>0xa</size>
         <input_file_ref idref="fl-3"/>
      </object_component>
      <object_component id="oc-af">
         <name>.text:_ADCC1_ISR</name>
         <load_address>0xd11a</load_address>
         <run_address>0xd11a</run_address>
         <size>0xa</size>
         <input_file_ref idref="fl-3"/>
      </object_component>
      <object_component id="oc-115">
         <name>.text:_ADCC2_ISR</name>
         <load_address>0xd124</load_address>
         <run_address>0xd124</run_address>
         <size>0xa</size>
         <input_file_ref idref="fl-3"/>
      </object_component>
      <object_component id="oc-116">
         <name>.text:_ADCC3_ISR</name>
         <load_address>0xd12e</load_address>
         <run_address>0xd12e</run_address>
         <size>0xa</size>
         <input_file_ref idref="fl-3"/>
      </object_component>
      <object_component id="oc-117">
         <name>.text:_ADCC4_ISR</name>
         <load_address>0xd138</load_address>
         <run_address>0xd138</run_address>
         <size>0xa</size>
         <input_file_ref idref="fl-3"/>
      </object_component>
      <object_component id="oc-114">
         <name>.text:_ADCC_EVT_ISR</name>
         <load_address>0xd142</load_address>
         <run_address>0xd142</run_address>
         <size>0xa</size>
         <input_file_ref idref="fl-3"/>
      </object_component>
      <object_component id="oc-b2">
         <name>.text:_ADCD1_ISR</name>
         <load_address>0xd14c</load_address>
         <run_address>0xd14c</run_address>
         <size>0xa</size>
         <input_file_ref idref="fl-3"/>
      </object_component>
      <object_component id="oc-119">
         <name>.text:_ADCD2_ISR</name>
         <load_address>0xd156</load_address>
         <run_address>0xd156</run_address>
         <size>0xa</size>
         <input_file_ref idref="fl-3"/>
      </object_component>
      <object_component id="oc-11a">
         <name>.text:_ADCD3_ISR</name>
         <load_address>0xd160</load_address>
         <run_address>0xd160</run_address>
         <size>0xa</size>
         <input_file_ref idref="fl-3"/>
      </object_component>
      <object_component id="oc-11b">
         <name>.text:_ADCD4_ISR</name>
         <load_address>0xd16a</load_address>
         <run_address>0xd16a</run_address>
         <size>0xa</size>
         <input_file_ref idref="fl-3"/>
      </object_component>
      <object_component id="oc-118">
         <name>.text:_ADCD_EVT_ISR</name>
         <load_address>0xd174</load_address>
         <run_address>0xd174</run_address>
         <size>0xa</size>
         <input_file_ref idref="fl-3"/>
      </object_component>
      <object_component id="oc-121">
         <name>.text:_AUX_PLL_SLIP_ISR</name>
         <load_address>0xd17e</load_address>
         <run_address>0xd17e</run_address>
         <size>0xa</size>
         <input_file_ref idref="fl-3"/>
      </object_component>
      <object_component id="oc-e8">
         <name>.text:_CANA0_ISR</name>
         <load_address>0xd188</load_address>
         <run_address>0xd188</run_address>
         <size>0xa</size>
         <input_file_ref idref="fl-3"/>
      </object_component>
      <object_component id="oc-e9">
         <name>.text:_CANA1_ISR</name>
         <load_address>0xd192</load_address>
         <run_address>0xd192</run_address>
         <size>0xa</size>
         <input_file_ref idref="fl-3"/>
      </object_component>
      <object_component id="oc-ea">
         <name>.text:_CANB0_ISR</name>
         <load_address>0xd19c</load_address>
         <run_address>0xd19c</run_address>
         <size>0xa</size>
         <input_file_ref idref="fl-3"/>
      </object_component>
      <object_component id="oc-eb">
         <name>.text:_CANB1_ISR</name>
         <load_address>0xd1a6</load_address>
         <run_address>0xd1a6</run_address>
         <size>0xa</size>
         <input_file_ref idref="fl-3"/>
      </object_component>
      <object_component id="oc-f4">
         <name>.text:_CLA1_1_ISR</name>
         <load_address>0xd1b0</load_address>
         <run_address>0xd1b0</run_address>
         <size>0xa</size>
         <input_file_ref idref="fl-3"/>
      </object_component>
      <object_component id="oc-f5">
         <name>.text:_CLA1_2_ISR</name>
         <load_address>0xd1ba</load_address>
         <run_address>0xd1ba</run_address>
         <size>0xa</size>
         <input_file_ref idref="fl-3"/>
      </object_component>
      <object_component id="oc-f6">
         <name>.text:_CLA1_3_ISR</name>
         <load_address>0xd1c4</load_address>
         <run_address>0xd1c4</run_address>
         <size>0xa</size>
         <input_file_ref idref="fl-3"/>
      </object_component>
      <object_component id="oc-f7">
         <name>.text:_CLA1_4_ISR</name>
         <load_address>0xd1ce</load_address>
         <run_address>0xd1ce</run_address>
         <size>0xa</size>
         <input_file_ref idref="fl-3"/>
      </object_component>
      <object_component id="oc-f8">
         <name>.text:_CLA1_5_ISR</name>
         <load_address>0xd1d8</load_address>
         <run_address>0xd1d8</run_address>
         <size>0xa</size>
         <input_file_ref idref="fl-3"/>
      </object_component>
      <object_component id="oc-f9">
         <name>.text:_CLA1_6_ISR</name>
         <load_address>0xd1e2</load_address>
         <run_address>0xd1e2</run_address>
         <size>0xa</size>
         <input_file_ref idref="fl-3"/>
      </object_component>
      <object_component id="oc-fa">
         <name>.text:_CLA1_7_ISR</name>
         <load_address>0xd1ec</load_address>
         <run_address>0xd1ec</run_address>
         <size>0xa</size>
         <input_file_ref idref="fl-3"/>
      </object_component>
      <object_component id="oc-fb">
         <name>.text:_CLA1_8_ISR</name>
         <load_address>0xd1f6</load_address>
         <run_address>0xd1f6</run_address>
         <size>0xa</size>
         <input_file_ref idref="fl-3"/>
      </object_component>
      <object_component id="oc-122">
         <name>.text:_CLA_OVERFLOW_ISR</name>
         <load_address>0xd200</load_address>
         <run_address>0xd200</run_address>
         <size>0xa</size>
         <input_file_ref idref="fl-3"/>
      </object_component>
      <object_component id="oc-123">
         <name>.text:_CLA_UNDERFLOW_ISR</name>
         <load_address>0xd20a</load_address>
         <run_address>0xd20a</run_address>
         <size>0xa</size>
         <input_file_ref idref="fl-3"/>
      </object_component>
      <object_component id="oc-9c">
         <name>.text:_DATALOG_ISR</name>
         <load_address>0xd214</load_address>
         <run_address>0xd214</run_address>
         <size>0xa</size>
         <input_file_ref idref="fl-3"/>
      </object_component>
      <object_component id="oc-d6">
         <name>.text:_DMA_CH1_ISR</name>
         <load_address>0xd21e</load_address>
         <run_address>0xd21e</run_address>
         <size>0xa</size>
         <input_file_ref idref="fl-3"/>
      </object_component>
      <object_component id="oc-d7">
         <name>.text:_DMA_CH2_ISR</name>
         <load_address>0xd228</load_address>
         <run_address>0xd228</run_address>
         <size>0xa</size>
         <input_file_ref idref="fl-3"/>
      </object_component>
      <object_component id="oc-d8">
         <name>.text:_DMA_CH3_ISR</name>
         <load_address>0xd232</load_address>
         <run_address>0xd232</run_address>
         <size>0xa</size>
         <input_file_ref idref="fl-3"/>
      </object_component>
      <object_component id="oc-d9">
         <name>.text:_DMA_CH4_ISR</name>
         <load_address>0xd23c</load_address>
         <run_address>0xd23c</run_address>
         <size>0xa</size>
         <input_file_ref idref="fl-3"/>
      </object_component>
      <object_component id="oc-da">
         <name>.text:_DMA_CH5_ISR</name>
         <load_address>0xd246</load_address>
         <run_address>0xd246</run_address>
         <size>0xa</size>
         <input_file_ref idref="fl-3"/>
      </object_component>
      <object_component id="oc-db">
         <name>.text:_DMA_CH6_ISR</name>
         <load_address>0xd250</load_address>
         <run_address>0xd250</run_address>
         <size>0xa</size>
         <input_file_ref idref="fl-3"/>
      </object_component>
      <object_component id="oc-c5">
         <name>.text:_ECAP1_ISR</name>
         <load_address>0xd25a</load_address>
         <run_address>0xd25a</run_address>
         <size>0xa</size>
         <input_file_ref idref="fl-3"/>
      </object_component>
      <object_component id="oc-c6">
         <name>.text:_ECAP2_ISR</name>
         <load_address>0xd264</load_address>
         <run_address>0xd264</run_address>
         <size>0xa</size>
         <input_file_ref idref="fl-3"/>
      </object_component>
      <object_component id="oc-c7">
         <name>.text:_ECAP3_ISR</name>
         <load_address>0xd26e</load_address>
         <run_address>0xd26e</run_address>
         <size>0xa</size>
         <input_file_ref idref="fl-3"/>
      </object_component>
      <object_component id="oc-c8">
         <name>.text:_ECAP4_ISR</name>
         <load_address>0xd278</load_address>
         <run_address>0xd278</run_address>
         <size>0xa</size>
         <input_file_ref idref="fl-3"/>
      </object_component>
      <object_component id="oc-c9">
         <name>.text:_ECAP5_ISR</name>
         <load_address>0xd282</load_address>
         <run_address>0xd282</run_address>
         <size>0xa</size>
         <input_file_ref idref="fl-3"/>
      </object_component>
      <object_component id="oc-ca">
         <name>.text:_ECAP6_ISR</name>
         <load_address>0xd28c</load_address>
         <run_address>0xd28c</run_address>
         <size>0xa</size>
         <input_file_ref idref="fl-3"/>
      </object_component>
      <object_component id="oc-11c">
         <name>.text:_EMIF_ERROR_ISR</name>
         <load_address>0xd296</load_address>
         <run_address>0xd296</run_address>
         <size>0xa</size>
         <input_file_ref idref="fl-3"/>
      </object_component>
      <object_component id="oc-9e">
         <name>.text:_EMU_ISR</name>
         <load_address>0xd2a0</load_address>
         <run_address>0xd2a0</run_address>
         <size>0xa</size>
         <input_file_ref idref="fl-3"/>
      </object_component>
      <object_component id="oc-10b">
         <name>.text:_EPWM10_ISR</name>
         <load_address>0xd2aa</load_address>
         <run_address>0xd2aa</run_address>
         <size>0xa</size>
         <input_file_ref idref="fl-3"/>
      </object_component>
      <object_component id="oc-107">
         <name>.text:_EPWM10_TZ_ISR</name>
         <load_address>0xd2b4</load_address>
         <run_address>0xd2b4</run_address>
         <size>0xa</size>
         <input_file_ref idref="fl-3"/>
      </object_component>
      <object_component id="oc-10c">
         <name>.text:_EPWM11_ISR</name>
         <load_address>0xd2be</load_address>
         <run_address>0xd2be</run_address>
         <size>0xa</size>
         <input_file_ref idref="fl-3"/>
      </object_component>
      <object_component id="oc-108">
         <name>.text:_EPWM11_TZ_ISR</name>
         <load_address>0xd2c8</load_address>
         <run_address>0xd2c8</run_address>
         <size>0xa</size>
         <input_file_ref idref="fl-3"/>
      </object_component>
      <object_component id="oc-10d">
         <name>.text:_EPWM12_ISR</name>
         <load_address>0xd2d2</load_address>
         <run_address>0xd2d2</run_address>
         <size>0xa</size>
         <input_file_ref idref="fl-3"/>
      </object_component>
      <object_component id="oc-109">
         <name>.text:_EPWM12_TZ_ISR</name>
         <load_address>0xd2dc</load_address>
         <run_address>0xd2dc</run_address>
         <size>0xa</size>
         <input_file_ref idref="fl-3"/>
      </object_component>
      <object_component id="oc-bd">
         <name>.text:_EPWM1_ISR</name>
         <load_address>0xd2e6</load_address>
         <run_address>0xd2e6</run_address>
         <size>0xa</size>
         <input_file_ref idref="fl-3"/>
      </object_component>
      <object_component id="oc-b5">
         <name>.text:_EPWM1_TZ_ISR</name>
         <load_address>0xd2f0</load_address>
         <run_address>0xd2f0</run_address>
         <size>0xa</size>
         <input_file_ref idref="fl-3"/>
      </object_component>
      <object_component id="oc-be">
         <name>.text:_EPWM2_ISR</name>
         <load_address>0xd2fa</load_address>
         <run_address>0xd2fa</run_address>
         <size>0xa</size>
         <input_file_ref idref="fl-3"/>
      </object_component>
      <object_component id="oc-b6">
         <name>.text:_EPWM2_TZ_ISR</name>
         <load_address>0xd304</load_address>
         <run_address>0xd304</run_address>
         <size>0xa</size>
         <input_file_ref idref="fl-3"/>
      </object_component>
      <object_component id="oc-bf">
         <name>.text:_EPWM3_ISR</name>
         <load_address>0xd30e</load_address>
         <run_address>0xd30e</run_address>
         <size>0xa</size>
         <input_file_ref idref="fl-3"/>
      </object_component>
      <object_component id="oc-b7">
         <name>.text:_EPWM3_TZ_ISR</name>
         <load_address>0xd318</load_address>
         <run_address>0xd318</run_address>
         <size>0xa</size>
         <input_file_ref idref="fl-3"/>
      </object_component>
      <object_component id="oc-c0">
         <name>.text:_EPWM4_ISR</name>
         <load_address>0xd322</load_address>
         <run_address>0xd322</run_address>
         <size>0xa</size>
         <input_file_ref idref="fl-3"/>
      </object_component>
      <object_component id="oc-b8">
         <name>.text:_EPWM4_TZ_ISR</name>
         <load_address>0xd32c</load_address>
         <run_address>0xd32c</run_address>
         <size>0xa</size>
         <input_file_ref idref="fl-3"/>
      </object_component>
      <object_component id="oc-c1">
         <name>.text:_EPWM5_ISR</name>
         <load_address>0xd336</load_address>
         <run_address>0xd336</run_address>
         <size>0xa</size>
         <input_file_ref idref="fl-3"/>
      </object_component>
      <object_component id="oc-b9">
         <name>.text:_EPWM5_TZ_ISR</name>
         <load_address>0xd340</load_address>
         <run_address>0xd340</run_address>
         <size>0xa</size>
         <input_file_ref idref="fl-3"/>
      </object_component>
      <object_component id="oc-c2">
         <name>.text:_EPWM6_ISR</name>
         <load_address>0xd34a</load_address>
         <run_address>0xd34a</run_address>
         <size>0xa</size>
         <input_file_ref idref="fl-3"/>
      </object_component>
      <object_component id="oc-ba">
         <name>.text:_EPWM6_TZ_ISR</name>
         <load_address>0xd354</load_address>
         <run_address>0xd354</run_address>
         <size>0xa</size>
         <input_file_ref idref="fl-3"/>
      </object_component>
      <object_component id="oc-c3">
         <name>.text:_EPWM7_ISR</name>
         <load_address>0xd35e</load_address>
         <run_address>0xd35e</run_address>
         <size>0xa</size>
         <input_file_ref idref="fl-3"/>
      </object_component>
      <object_component id="oc-bb">
         <name>.text:_EPWM7_TZ_ISR</name>
         <load_address>0xd368</load_address>
         <run_address>0xd368</run_address>
         <size>0xa</size>
         <input_file_ref idref="fl-3"/>
      </object_component>
      <object_component id="oc-c4">
         <name>.text:_EPWM8_ISR</name>
         <load_address>0xd372</load_address>
         <run_address>0xd372</run_address>
         <size>0xa</size>
         <input_file_ref idref="fl-3"/>
      </object_component>
      <object_component id="oc-bc">
         <name>.text:_EPWM8_TZ_ISR</name>
         <load_address>0xd37c</load_address>
         <run_address>0xd37c</run_address>
         <size>0xa</size>
         <input_file_ref idref="fl-3"/>
      </object_component>
      <object_component id="oc-10a">
         <name>.text:_EPWM9_ISR</name>
         <load_address>0xd386</load_address>
         <run_address>0xd386</run_address>
         <size>0xa</size>
         <input_file_ref idref="fl-3"/>
      </object_component>
      <object_component id="oc-106">
         <name>.text:_EPWM9_TZ_ISR</name>
         <load_address>0xd390</load_address>
         <run_address>0xd390</run_address>
         <size>0xa</size>
         <input_file_ref idref="fl-3"/>
      </object_component>
      <object_component id="oc-cb">
         <name>.text:_EQEP1_ISR</name>
         <load_address>0xd39a</load_address>
         <run_address>0xd39a</run_address>
         <size>0xa</size>
         <input_file_ref idref="fl-3"/>
      </object_component>
      <object_component id="oc-cc">
         <name>.text:_EQEP2_ISR</name>
         <load_address>0xd3a4</load_address>
         <run_address>0xd3a4</run_address>
         <size>0xa</size>
         <input_file_ref idref="fl-3"/>
      </object_component>
      <object_component id="oc-cd">
         <name>.text:_EQEP3_ISR</name>
         <load_address>0xd3ae</load_address>
         <run_address>0xd3ae</run_address>
         <size>0xa</size>
         <input_file_ref idref="fl-3"/>
      </object_component>
      <object_component id="oc-11e">
         <name>.text:_FLASH_CORRECTABLE_ERROR_ISR</name>
         <load_address>0xd3b8</load_address>
         <run_address>0xd3b8</run_address>
         <size>0xa</size>
         <input_file_ref idref="fl-3"/>
      </object_component>
      <object_component id="oc-100">
         <name>.text:_FPU_OVERFLOW_ISR</name>
         <load_address>0xd3c2</load_address>
         <run_address>0xd3c2</run_address>
         <size>0xa</size>
         <input_file_ref idref="fl-3"/>
      </object_component>
      <object_component id="oc-101">
         <name>.text:_FPU_UNDERFLOW_ISR</name>
         <load_address>0xd3cc</load_address>
         <run_address>0xd3cc</run_address>
         <size>0xa</size>
         <input_file_ref idref="fl-3"/>
      </object_component>
      <object_component id="oc-dd">
         <name>.text:_I2CA_FIFO_ISR</name>
         <load_address>0xd3d6</load_address>
         <run_address>0xd3d6</run_address>
         <size>0xa</size>
         <input_file_ref idref="fl-3"/>
      </object_component>
      <object_component id="oc-dc">
         <name>.text:_I2CA_ISR</name>
         <load_address>0xd3e0</load_address>
         <run_address>0xd3e0</run_address>
         <size>0xa</size>
         <input_file_ref idref="fl-3"/>
      </object_component>
      <object_component id="oc-df">
         <name>.text:_I2CB_FIFO_ISR</name>
         <load_address>0xd3ea</load_address>
         <run_address>0xd3ea</run_address>
         <size>0xa</size>
         <input_file_ref idref="fl-3"/>
      </object_component>
      <object_component id="oc-de">
         <name>.text:_I2CB_ISR</name>
         <load_address>0xd3f4</load_address>
         <run_address>0xd3f4</run_address>
         <size>0xa</size>
         <input_file_ref idref="fl-3"/>
      </object_component>
      <object_component id="oc-a0">
         <name>.text:_ILLEGAL_ISR</name>
         <load_address>0xd3fe</load_address>
         <run_address>0xd3fe</run_address>
         <size>0xa</size>
         <input_file_ref idref="fl-3"/>
      </object_component>
      <object_component id="oc-102">
         <name>.text:_IPC0_ISR</name>
         <load_address>0xd408</load_address>
         <run_address>0xd408</run_address>
         <size>0xa</size>
         <input_file_ref idref="fl-3"/>
      </object_component>
      <object_component id="oc-103">
         <name>.text:_IPC1_ISR</name>
         <load_address>0xd412</load_address>
         <run_address>0xd412</run_address>
         <size>0xa</size>
         <input_file_ref idref="fl-3"/>
      </object_component>
      <object_component id="oc-104">
         <name>.text:_IPC2_ISR</name>
         <load_address>0xd41c</load_address>
         <run_address>0xd41c</run_address>
         <size>0xa</size>
         <input_file_ref idref="fl-3"/>
      </object_component>
      <object_component id="oc-105">
         <name>.text:_IPC3_ISR</name>
         <load_address>0xd426</load_address>
         <run_address>0xd426</run_address>
         <size>0xa</size>
         <input_file_ref idref="fl-3"/>
      </object_component>
      <object_component id="oc-d2">
         <name>.text:_MCBSPA_RX_ISR</name>
         <load_address>0xd430</load_address>
         <run_address>0xd430</run_address>
         <size>0xa</size>
         <input_file_ref idref="fl-3"/>
      </object_component>
      <object_component id="oc-d3">
         <name>.text:_MCBSPA_TX_ISR</name>
         <load_address>0xd43a</load_address>
         <run_address>0xd43a</run_address>
         <size>0xa</size>
         <input_file_ref idref="fl-3"/>
      </object_component>
      <object_component id="oc-d4">
         <name>.text:_MCBSPB_RX_ISR</name>
         <load_address>0xd444</load_address>
         <run_address>0xd444</run_address>
         <size>0xa</size>
         <input_file_ref idref="fl-3"/>
      </object_component>
      <object_component id="oc-d5">
         <name>.text:_MCBSPB_TX_ISR</name>
         <load_address>0xd44e</load_address>
         <run_address>0xd44e</run_address>
         <size>0xa</size>
         <input_file_ref idref="fl-3"/>
      </object_component>
      <object_component id="oc-9f">
         <name>.text:_NMI_ISR</name>
         <load_address>0xd458</load_address>
         <run_address>0xd458</run_address>
         <size>0xa</size>
         <input_file_ref idref="fl-3"/>
      </object_component>
      <object_component id="oc-126">
         <name>.text:_NOTUSED_ISR</name>
         <load_address>0xd462</load_address>
         <run_address>0xd462</run_address>
         <size>0xa</size>
         <input_file_ref idref="fl-3"/>
      </object_component>
      <object_component id="oc-124">
         <name>.text:_PIE_RESERVED_ISR</name>
         <load_address>0xd46c</load_address>
         <run_address>0xd46c</run_address>
         <size>0xa</size>
         <input_file_ref idref="fl-3"/>
      </object_component>
      <object_component id="oc-11f">
         <name>.text:_RAM_ACCESS_VIOLATION_ISR</name>
         <load_address>0xd476</load_address>
         <run_address>0xd476</run_address>
         <size>0xa</size>
         <input_file_ref idref="fl-3"/>
      </object_component>
      <object_component id="oc-11d">
         <name>.text:_RAM_CORRECTABLE_ERROR_ISR</name>
         <load_address>0xd480</load_address>
         <run_address>0xd480</run_address>
         <size>0xa</size>
         <input_file_ref idref="fl-3"/>
      </object_component>
      <object_component id="oc-9d">
         <name>.text:_RTOS_ISR</name>
         <load_address>0xd48a</load_address>
         <run_address>0xd48a</run_address>
         <size>0xa</size>
         <input_file_ref idref="fl-3"/>
      </object_component>
      <object_component id="oc-e4">
         <name>.text:_SCIA_RX_ISR</name>
         <load_address>0xd494</load_address>
         <run_address>0xd494</run_address>
         <size>0xa</size>
         <input_file_ref idref="fl-3"/>
      </object_component>
      <object_component id="oc-e5">
         <name>.text:_SCIA_TX_ISR</name>
         <load_address>0xd49e</load_address>
         <run_address>0xd49e</run_address>
         <size>0xa</size>
         <input_file_ref idref="fl-3"/>
      </object_component>
      <object_component id="oc-e6">
         <name>.text:_SCIB_RX_ISR</name>
         <load_address>0xd4a8</load_address>
         <run_address>0xd4a8</run_address>
         <size>0xa</size>
         <input_file_ref idref="fl-3"/>
      </object_component>
      <object_component id="oc-e7">
         <name>.text:_SCIB_TX_ISR</name>
         <load_address>0xd4b2</load_address>
         <run_address>0xd4b2</run_address>
         <size>0xa</size>
         <input_file_ref idref="fl-3"/>
      </object_component>
      <object_component id="oc-e0">
         <name>.text:_SCIC_RX_ISR</name>
         <load_address>0xd4bc</load_address>
         <run_address>0xd4bc</run_address>
         <size>0xa</size>
         <input_file_ref idref="fl-3"/>
      </object_component>
      <object_component id="oc-e1">
         <name>.text:_SCIC_TX_ISR</name>
         <load_address>0xd4c6</load_address>
         <run_address>0xd4c6</run_address>
         <size>0xa</size>
         <input_file_ref idref="fl-3"/>
      </object_component>
      <object_component id="oc-e2">
         <name>.text:_SCID_RX_ISR</name>
         <load_address>0xd4d0</load_address>
         <run_address>0xd4d0</run_address>
         <size>0xa</size>
         <input_file_ref idref="fl-3"/>
      </object_component>
      <object_component id="oc-e3">
         <name>.text:_SCID_TX_ISR</name>
         <load_address>0xd4da</load_address>
         <run_address>0xd4da</run_address>
         <size>0xa</size>
         <input_file_ref idref="fl-3"/>
      </object_component>
      <object_component id="oc-10e">
         <name>.text:_SD1_ISR</name>
         <load_address>0xd4e4</load_address>
         <run_address>0xd4e4</run_address>
         <size>0xa</size>
         <input_file_ref idref="fl-3"/>
      </object_component>
      <object_component id="oc-10f">
         <name>.text:_SD2_ISR</name>
         <load_address>0xd4ee</load_address>
         <run_address>0xd4ee</run_address>
         <size>0xa</size>
         <input_file_ref idref="fl-3"/>
      </object_component>
      <object_component id="oc-ce">
         <name>.text:_SPIA_RX_ISR</name>
         <load_address>0xd4f8</load_address>
         <run_address>0xd4f8</run_address>
         <size>0xa</size>
         <input_file_ref idref="fl-3"/>
      </object_component>
      <object_component id="oc-cf">
         <name>.text:_SPIA_TX_ISR</name>
         <load_address>0xd502</load_address>
         <run_address>0xd502</run_address>
         <size>0xa</size>
         <input_file_ref idref="fl-3"/>
      </object_component>
      <object_component id="oc-d0">
         <name>.text:_SPIB_RX_ISR</name>
         <load_address>0xd50c</load_address>
         <run_address>0xd50c</run_address>
         <size>0xa</size>
         <input_file_ref idref="fl-3"/>
      </object_component>
      <object_component id="oc-d1">
         <name>.text:_SPIB_TX_ISR</name>
         <load_address>0xd516</load_address>
         <run_address>0xd516</run_address>
         <size>0xa</size>
         <input_file_ref idref="fl-3"/>
      </object_component>
      <object_component id="oc-110">
         <name>.text:_SPIC_RX_ISR</name>
         <load_address>0xd520</load_address>
         <run_address>0xd520</run_address>
         <size>0xa</size>
         <input_file_ref idref="fl-3"/>
      </object_component>
      <object_component id="oc-111">
         <name>.text:_SPIC_TX_ISR</name>
         <load_address>0xd52a</load_address>
         <run_address>0xd52a</run_address>
         <size>0xa</size>
         <input_file_ref idref="fl-3"/>
      </object_component>
      <object_component id="oc-120">
         <name>.text:_SYS_PLL_SLIP_ISR</name>
         <load_address>0xd534</load_address>
         <run_address>0xd534</run_address>
         <size>0xa</size>
         <input_file_ref idref="fl-3"/>
      </object_component>
      <object_component id="oc-b3">
         <name>.text:_TIMER0_ISR</name>
         <load_address>0xd53e</load_address>
         <run_address>0xd53e</run_address>
         <size>0xa</size>
         <input_file_ref idref="fl-3"/>
      </object_component>
      <object_component id="oc-9a">
         <name>.text:_TIMER1_ISR</name>
         <load_address>0xd548</load_address>
         <run_address>0xd548</run_address>
         <size>0xa</size>
         <input_file_ref idref="fl-3"/>
      </object_component>
      <object_component id="oc-9b">
         <name>.text:_TIMER2_ISR</name>
         <load_address>0xd552</load_address>
         <run_address>0xd552</run_address>
         <size>0xa</size>
         <input_file_ref idref="fl-3"/>
      </object_component>
      <object_component id="oc-112">
         <name>.text:_UPPA_ISR</name>
         <load_address>0xd55c</load_address>
         <run_address>0xd55c</run_address>
         <size>0xa</size>
         <input_file_ref idref="fl-3"/>
      </object_component>
      <object_component id="oc-113">
         <name>.text:_USBA_ISR</name>
         <load_address>0xd566</load_address>
         <run_address>0xd566</run_address>
         <size>0xa</size>
         <input_file_ref idref="fl-3"/>
      </object_component>
      <object_component id="oc-aa">
         <name>.text:_USER10_ISR</name>
         <load_address>0xd570</load_address>
         <run_address>0xd570</run_address>
         <size>0xa</size>
         <input_file_ref idref="fl-3"/>
      </object_component>
      <object_component id="oc-ab">
         <name>.text:_USER11_ISR</name>
         <load_address>0xd57a</load_address>
         <run_address>0xd57a</run_address>
         <size>0xa</size>
         <input_file_ref idref="fl-3"/>
      </object_component>
      <object_component id="oc-ac">
         <name>.text:_USER12_ISR</name>
         <load_address>0xd584</load_address>
         <run_address>0xd584</run_address>
         <size>0xa</size>
         <input_file_ref idref="fl-3"/>
      </object_component>
      <object_component id="oc-a1">
         <name>.text:_USER1_ISR</name>
         <load_address>0xd58e</load_address>
         <run_address>0xd58e</run_address>
         <size>0xa</size>
         <input_file_ref idref="fl-3"/>
      </object_component>
      <object_component id="oc-a2">
         <name>.text:_USER2_ISR</name>
         <load_address>0xd598</load_address>
         <run_address>0xd598</run_address>
         <size>0xa</size>
         <input_file_ref idref="fl-3"/>
      </object_component>
      <object_component id="oc-a3">
         <name>.text:_USER3_ISR</name>
         <load_address>0xd5a2</load_address>
         <run_address>0xd5a2</run_address>
         <size>0xa</size>
         <input_file_ref idref="fl-3"/>
      </object_component>
      <object_component id="oc-a4">
         <name>.text:_USER4_ISR</name>
         <load_address>0xd5ac</load_address>
         <run_address>0xd5ac</run_address>
         <size>0xa</size>
         <input_file_ref idref="fl-3"/>
      </object_component>
      <object_component id="oc-a5">
         <name>.text:_USER5_ISR</name>
         <load_address>0xd5b6</load_address>
         <run_address>0xd5b6</run_address>
         <size>0xa</size>
         <input_file_ref idref="fl-3"/>
      </object_component>
      <object_component id="oc-a6">
         <name>.text:_USER6_ISR</name>
         <load_address>0xd5c0</load_address>
         <run_address>0xd5c0</run_address>
         <size>0xa</size>
         <input_file_ref idref="fl-3"/>
      </object_component>
      <object_component id="oc-a7">
         <name>.text:_USER7_ISR</name>
         <load_address>0xd5ca</load_address>
         <run_address>0xd5ca</run_address>
         <size>0xa</size>
         <input_file_ref idref="fl-3"/>
      </object_component>
      <object_component id="oc-a8">
         <name>.text:_USER8_ISR</name>
         <load_address>0xd5d4</load_address>
         <run_address>0xd5d4</run_address>
         <size>0xa</size>
         <input_file_ref idref="fl-3"/>
      </object_component>
      <object_component id="oc-a9">
         <name>.text:_USER9_ISR</name>
         <load_address>0xd5de</load_address>
         <run_address>0xd5de</run_address>
         <size>0xa</size>
         <input_file_ref idref="fl-3"/>
      </object_component>
      <object_component id="oc-ff">
         <name>.text:_VCU_ISR</name>
         <load_address>0xd5e8</load_address>
         <run_address>0xd5e8</run_address>
         <size>0xa</size>
         <input_file_ref idref="fl-3"/>
      </object_component>
      <object_component id="oc-b4">
         <name>.text:_WAKE_ISR</name>
         <load_address>0xd5f2</load_address>
         <run_address>0xd5f2</run_address>
         <size>0xa</size>
         <input_file_ref idref="fl-3"/>
      </object_component>
      <object_component id="oc-b0">
         <name>.text:_XINT1_ISR</name>
         <load_address>0xd5fc</load_address>
         <run_address>0xd5fc</run_address>
         <size>0xa</size>
         <input_file_ref idref="fl-3"/>
      </object_component>
      <object_component id="oc-b1">
         <name>.text:_XINT2_ISR</name>
         <load_address>0xd606</load_address>
         <run_address>0xd606</run_address>
         <size>0xa</size>
         <input_file_ref idref="fl-3"/>
      </object_component>
      <object_component id="oc-fc">
         <name>.text:_XINT3_ISR</name>
         <load_address>0xd610</load_address>
         <run_address>0xd610</run_address>
         <size>0xa</size>
         <input_file_ref idref="fl-3"/>
      </object_component>
      <object_component id="oc-fd">
         <name>.text:_XINT4_ISR</name>
         <load_address>0xd61a</load_address>
         <run_address>0xd61a</run_address>
         <size>0xa</size>
         <input_file_ref idref="fl-3"/>
      </object_component>
      <object_component id="oc-fe">
         <name>.text:_XINT5_ISR</name>
         <load_address>0xd624</load_address>
         <run_address>0xd624</run_address>
         <size>0xa</size>
         <input_file_ref idref="fl-3"/>
      </object_component>
      <object_component id="oc-23f">
         <name>.text</name>
         <load_address>0xd62e</load_address>
         <run_address>0xd62e</run_address>
         <size>0x9</size>
         <input_file_ref idref="fl-1d"/>
      </object_component>
      <object_component id="oc-94">
         <name>.text</name>
         <load_address>0xd637</load_address>
         <run_address>0xd637</run_address>
         <size>0x8</size>
         <input_file_ref idref="fl-2"/>
      </object_component>
      <object_component id="oc-15c">
         <name>.cinit:_TRIP_SEL</name>
         <load_address>0x122</load_address>
         <run_address>0x122</run_address>
         <size>0x21</size>
         <input_file_ref idref="fl-b"/>
      </object_component>
      <object_component id="oc-18c">
         <name>.cinit:_EPWM</name>
         <load_address>0x143</load_address>
         <run_address>0x143</run_address>
         <size>0x1d</size>
         <input_file_ref idref="fl-b"/>
      </object_component>
      <object_component id="oc-14c">
         <name>.cinit:_ECAP</name>
         <load_address>0x160</load_address>
         <run_address>0x160</run_address>
         <size>0x11</size>
         <input_file_ref idref="fl-b"/>
      </object_component>
      <object_component id="oc-208">
         <name>.cinit</name>
         <load_address>0x171</load_address>
         <run_address>0x171</run_address>
         <size>0xe</size>
         <input_file_ref idref="fl-1c"/>
      </object_component>
      <object_component id="oc-185">
         <name>.cinit:_ADC</name>
         <load_address>0x17f</load_address>
         <run_address>0x17f</run_address>
         <size>0xd</size>
         <input_file_ref idref="fl-b"/>
      </object_component>
      <object_component id="oc-160">
         <name>.cinit:_EQEP</name>
         <load_address>0x18c</load_address>
         <run_address>0x18c</run_address>
         <size>0xb</size>
         <input_file_ref idref="fl-b"/>
      </object_component>
      <object_component id="oc-142">
         <name>.cinit:_SPI</name>
         <load_address>0x197</load_address>
         <run_address>0x197</run_address>
         <size>0xb</size>
         <input_file_ref idref="fl-b"/>
      </object_component>
      <object_component id="oc-180">
         <name>.cinit:_SDFM</name>
         <load_address>0x1a2</load_address>
         <run_address>0x1a2</run_address>
         <size>0x9</size>
         <input_file_ref idref="fl-b"/>
      </object_component>
      <object_component id="oc-164">
         <name>.cinit:_I2C</name>
         <load_address>0x1ab</load_address>
         <run_address>0x1ab</run_address>
         <size>0x7</size>
         <input_file_ref idref="fl-b"/>
      </object_component>
      <object_component id="oc-168">
         <name>.cinit:_MCBSP</name>
         <load_address>0x1b2</load_address>
         <run_address>0x1b2</run_address>
         <size>0x7</size>
         <input_file_ref idref="fl-b"/>
      </object_component>
      <object_component id="oc-13d">
         <name>.cinit:_SCI</name>
         <load_address>0x1b9</load_address>
         <run_address>0x1b9</run_address>
         <size>0x7</size>
         <input_file_ref idref="fl-b"/>
      </object_component>
      <object_component id="oc-22f">
         <name>.cinit:__lock</name>
         <load_address>0x1c0</load_address>
         <run_address>0x1c0</run_address>
         <size>0x5</size>
         <input_file_ref idref="fl-1d"/>
      </object_component>
      <object_component id="oc-240">
         <name>.cinit:__unlock</name>
         <load_address>0x1c5</load_address>
         <run_address>0x1c5</run_address>
         <size>0x5</size>
         <input_file_ref idref="fl-1d"/>
      </object_component>
      <object_component id="oc-1e4">
         <name>.reset</name>
         <load_address>0x3fffc0</load_address>
         <run_address>0x3fffc0</run_address>
         <size>0x2</size>
         <input_file_ref idref="fl-15"/>
      </object_component>
      <object_component id="oc-1e3">
         <name>.stack</name>
         <uninitialized>true</uninitialized>
         <run_address>0x400</run_address>
         <size>0x0</size>
         <input_file_ref idref="fl-15"/>
      </object_component>
      <object_component id="oc-2ef">
         <name>.stack</name>
         <uninitialized>true</uninitialized>
         <run_address>0x400</run_address>
         <size>0x0</size>
      </object_component>
      <object_component id="oc-222">
         <name>.ebss:_I2C</name>
         <uninitialized>true</uninitialized>
         <run_address>0xe06c</run_address>
         <size>0x4</size>
         <input_file_ref idref="fl-b"/>
      </object_component>
      <object_component id="oc-223">
         <name>.ebss:_MCBSP</name>
         <uninitialized>true</uninitialized>
         <run_address>0xe070</run_address>
         <size>0x4</size>
         <input_file_ref idref="fl-b"/>
      </object_component>
      <object_component id="oc-21d">
         <name>.ebss:_SCI</name>
         <uninitialized>true</uninitialized>
         <run_address>0xe074</run_address>
         <size>0x4</size>
         <input_file_ref idref="fl-b"/>
      </object_component>
      <object_component id="oc-224">
         <name>.ebss:_SDFM</name>
         <uninitialized>true</uninitialized>
         <run_address>0xe060</run_address>
         <size>0x6</size>
         <input_file_ref idref="fl-b"/>
      </object_component>
      <object_component id="oc-221">
         <name>.ebss:_EQEP</name>
         <uninitialized>true</uninitialized>
         <run_address>0xe038</run_address>
         <size>0x8</size>
         <input_file_ref idref="fl-b"/>
      </object_component>
      <object_component id="oc-21e">
         <name>.ebss:_SPI</name>
         <uninitialized>true</uninitialized>
         <run_address>0xe058</run_address>
         <size>0x8</size>
         <input_file_ref idref="fl-b"/>
      </object_component>
      <object_component id="oc-225">
         <name>.ebss:_ADC</name>
         <uninitialized>true</uninitialized>
         <run_address>0xe04e</run_address>
         <size>0xa</size>
         <input_file_ref idref="fl-b"/>
      </object_component>
      <object_component id="oc-21f">
         <name>.ebss:_ECAP</name>
         <uninitialized>true</uninitialized>
         <run_address>0xe040</run_address>
         <size>0xe</size>
         <input_file_ref idref="fl-b"/>
      </object_component>
      <object_component id="oc-226">
         <name>.ebss:_EPWM</name>
         <uninitialized>true</uninitialized>
         <run_address>0xe01e</run_address>
         <size>0x1a</size>
         <input_file_ref idref="fl-b"/>
      </object_component>
      <object_component id="oc-220">
         <name>.ebss:_TRIP_SEL</name>
         <uninitialized>true</uninitialized>
         <run_address>0xe000</run_address>
         <size>0x1e</size>
         <input_file_ref idref="fl-b"/>
      </object_component>
      <object_component id="oc-1c9">
         <name>.ebss</name>
         <uninitialized>true</uninitialized>
         <run_address>0xe07c</run_address>
         <size>0x1</size>
         <input_file_ref idref="fl-d"/>
      </object_component>
      <object_component id="oc-209">
         <name>.ebss</name>
         <uninitialized>true</uninitialized>
         <run_address>0xe066</run_address>
         <size>0x6</size>
         <input_file_ref idref="fl-1c"/>
      </object_component>
      <object_component id="oc-22e">
         <name>.ebss:__lock</name>
         <uninitialized>true</uninitialized>
         <run_address>0xe078</run_address>
         <size>0x2</size>
         <input_file_ref idref="fl-1d"/>
      </object_component>
      <object_component id="oc-251">
         <name>.ebss:__unlock</name>
         <uninitialized>true</uninitialized>
         <run_address>0xe07a</run_address>
         <size>0x2</size>
         <input_file_ref idref="fl-1d"/>
      </object_component>
      <object_component id="oc-246">
         <name>.econst:_PieVectTableInit</name>
         <load_address>0xf000</load_address>
         <run_address>0xf000</run_address>
         <size>0x1c0</size>
         <input_file_ref idref="fl-8"/>
      </object_component>
      <object_component id="oc-249">
         <name>Cla1Prog:_Cla1Task1</name>
         <load_address>0x8800</load_address>
         <run_address>0x8800</run_address>
         <size>0x12</size>
         <input_file_ref idref="fl-e"/>
      </object_component>
      <object_component id="oc-250">
         <name>Cla1Prog:_Cla1Task8</name>
         <load_address>0x8812</load_address>
         <run_address>0x8812</run_address>
         <size>0xc</size>
         <input_file_ref idref="fl-e"/>
      </object_component>
      <object_component id="oc-24a">
         <name>Cla1Prog:_Cla1Task2</name>
         <load_address>0x881e</load_address>
         <run_address>0x881e</run_address>
         <size>0x8</size>
         <input_file_ref idref="fl-e"/>
      </object_component>
      <object_component id="oc-24b">
         <name>Cla1Prog:_Cla1Task3</name>
         <load_address>0x8826</load_address>
         <run_address>0x8826</run_address>
         <size>0x8</size>
         <input_file_ref idref="fl-e"/>
      </object_component>
      <object_component id="oc-24c">
         <name>Cla1Prog:_Cla1Task4</name>
         <load_address>0x882e</load_address>
         <run_address>0x882e</run_address>
         <size>0x8</size>
         <input_file_ref idref="fl-e"/>
      </object_component>
      <object_component id="oc-24d">
         <name>Cla1Prog:_Cla1Task5</name>
         <load_address>0x8836</load_address>
         <run_address>0x8836</run_address>
         <size>0x8</size>
         <input_file_ref idref="fl-e"/>
      </object_component>
      <object_component id="oc-24e">
         <name>Cla1Prog:_Cla1Task6</name>
         <load_address>0x883e</load_address>
         <run_address>0x883e</run_address>
         <size>0x8</size>
         <input_file_ref idref="fl-e"/>
      </object_component>
      <object_component id="oc-24f">
         <name>Cla1Prog:_Cla1Task7</name>
         <load_address>0x8846</load_address>
         <run_address>0x8846</run_address>
         <size>0x8</size>
         <input_file_ref idref="fl-e"/>
      </object_component>
      <object_component id="oc-1d8">
         <name>Cla1ToCpuMsgRAM</name>
         <uninitialized>true</uninitialized>
         <run_address>0x1480</run_address>
         <size>0x74</size>
         <input_file_ref idref="fl-e"/>
      </object_component>
      <object_component id="oc-1d7">
         <name>CpuToCla1MsgRAM</name>
         <uninitialized>true</uninitialized>
         <run_address>0x1500</run_address>
         <size>0x3a</size>
         <input_file_ref idref="fl-e"/>
      </object_component>
      <object_component id="oc-1d9">
         <name>Filter1_RegsFile</name>
         <load_address>0x9000</load_address>
         <run_address>0x9000</run_address>
         <size>0x400</size>
         <input_file_ref idref="fl-e"/>
      </object_component>
      <object_component id="oc-1da">
         <name>Filter2_RegsFile</name>
         <load_address>0x9400</load_address>
         <run_address>0x9400</run_address>
         <size>0x400</size>
         <input_file_ref idref="fl-e"/>
      </object_component>
      <object_component id="oc-1db">
         <name>Filter3_RegsFile</name>
         <load_address>0x9800</load_address>
         <run_address>0x9800</run_address>
         <size>0x400</size>
         <input_file_ref idref="fl-e"/>
      </object_component>
      <object_component id="oc-1dc">
         <name>Filter4_RegsFile</name>
         <load_address>0x9c00</load_address>
         <run_address>0x9c00</run_address>
         <size>0x400</size>
         <input_file_ref idref="fl-e"/>
      </object_component>
      <object_component id="oc-1c3">
         <name>.TI.ramfunc</name>
         <load_address>0x1cc</load_address>
         <run_address>0x1cc</run_address>
         <size>0x4</size>
         <input_file_ref idref="fl-c"/>
      </object_component>
      <object_component id="oc-1dd">
         <name>.bss_cla</name>
         <uninitialized>true</uninitialized>
         <run_address>0x8100</run_address>
         <size>0x2</size>
         <input_file_ref idref="fl-e"/>
      </object_component>
      <object_component id="oc-1a1">
         <name>PieVectTableFile</name>
         <uninitialized>true</uninitialized>
         <run_address>0xd00</run_address>
         <size>0x1c0</size>
         <input_file_ref idref="fl-4"/>
      </object_component>
      <object_component id="oc-16e">
         <name>AccessProtectionRegsFile</name>
         <uninitialized>true</uninitialized>
         <run_address>0x5f4c0</run_address>
         <size>0x2e</size>
         <input_file_ref idref="fl-4"/>
      </object_component>
      <object_component id="oc-184">
         <name>AdcaRegsFile</name>
         <uninitialized>true</uninitialized>
         <run_address>0x7400</run_address>
         <size>0x7c</size>
         <input_file_ref idref="fl-4"/>
      </object_component>
      <object_component id="oc-186">
         <name>AdcbRegsFile</name>
         <uninitialized>true</uninitialized>
         <run_address>0x7480</run_address>
         <size>0x7c</size>
         <input_file_ref idref="fl-4"/>
      </object_component>
      <object_component id="oc-187">
         <name>AdccRegsFile</name>
         <uninitialized>true</uninitialized>
         <run_address>0x7500</run_address>
         <size>0x7c</size>
         <input_file_ref idref="fl-4"/>
      </object_component>
      <object_component id="oc-188">
         <name>AdcdRegsFile</name>
         <uninitialized>true</uninitialized>
         <run_address>0x7580</run_address>
         <size>0x7c</size>
         <input_file_ref idref="fl-4"/>
      </object_component>
      <object_component id="oc-146">
         <name>AdcaResultRegsFile</name>
         <uninitialized>true</uninitialized>
         <run_address>0xb00</run_address>
         <size>0x18</size>
         <input_file_ref idref="fl-4"/>
      </object_component>
      <object_component id="oc-147">
         <name>AdcbResultRegsFile</name>
         <uninitialized>true</uninitialized>
         <run_address>0xb20</run_address>
         <size>0x18</size>
         <input_file_ref idref="fl-4"/>
      </object_component>
      <object_component id="oc-148">
         <name>AdccResultRegsFile</name>
         <uninitialized>true</uninitialized>
         <run_address>0xb40</run_address>
         <size>0x18</size>
         <input_file_ref idref="fl-4"/>
      </object_component>
      <object_component id="oc-149">
         <name>AdcdResultRegsFile</name>
         <uninitialized>true</uninitialized>
         <run_address>0xb60</run_address>
         <size>0x18</size>
         <input_file_ref idref="fl-4"/>
      </object_component>
      <object_component id="oc-172">
         <name>AnalogSubsysRegsFile</name>
         <uninitialized>true</uninitialized>
         <run_address>0x5d180</run_address>
         <size>0x3e</size>
         <input_file_ref idref="fl-4"/>
      </object_component>
      <object_component id="oc-19d">
         <name>CanaRegsFile</name>
         <uninitialized>true</uninitialized>
         <run_address>0x48000</run_address>
         <size>0x164</size>
         <input_file_ref idref="fl-4"/>
      </object_component>
      <object_component id="oc-19e">
         <name>CanbRegsFile</name>
         <uninitialized>true</uninitialized>
         <run_address>0x4a000</run_address>
         <size>0x164</size>
         <input_file_ref idref="fl-4"/>
      </object_component>
      <object_component id="oc-173">
         <name>Cla1RegsFile</name>
         <uninitialized>true</uninitialized>
         <run_address>0x1400</run_address>
         <size>0x3e</size>
         <input_file_ref idref="fl-4"/>
      </object_component>
      <object_component id="oc-198">
         <name>Clb1DataExchRegsFile</name>
         <uninitialized>true</uninitialized>
         <run_address>0x3200</run_address>
         <size>0x108</size>
         <input_file_ref idref="fl-4"/>
      </object_component>
      <object_component id="oc-199">
         <name>Clb2DataExchRegsFile</name>
         <uninitialized>true</uninitialized>
         <run_address>0x3600</run_address>
         <size>0x108</size>
         <input_file_ref idref="fl-4"/>
      </object_component>
      <object_component id="oc-19a">
         <name>Clb3DataExchRegsFile</name>
         <uninitialized>true</uninitialized>
         <run_address>0x3a00</run_address>
         <size>0x108</size>
         <input_file_ref idref="fl-4"/>
      </object_component>
      <object_component id="oc-19b">
         <name>Clb4DataExchRegsFile</name>
         <uninitialized>true</uninitialized>
         <run_address>0x3e00</run_address>
         <size>0x108</size>
         <input_file_ref idref="fl-4"/>
      </object_component>
      <object_component id="oc-174">
         <name>Clb1LogicCfgRegsFile</name>
         <uninitialized>true</uninitialized>
         <run_address>0x3000</run_address>
         <size>0x3e</size>
         <input_file_ref idref="fl-4"/>
      </object_component>
      <object_component id="oc-175">
         <name>Clb2LogicCfgRegsFile</name>
         <uninitialized>true</uninitialized>
         <run_address>0x3400</run_address>
         <size>0x3e</size>
         <input_file_ref idref="fl-4"/>
      </object_component>
      <object_component id="oc-176">
         <name>Clb3LogicCfgRegsFile</name>
         <uninitialized>true</uninitialized>
         <run_address>0x3800</run_address>
         <size>0x3e</size>
         <input_file_ref idref="fl-4"/>
      </object_component>
      <object_component id="oc-177">
         <name>Clb4LogicCfgRegsFile</name>
         <uninitialized>true</uninitialized>
         <run_address>0x3c00</run_address>
         <size>0x3e</size>
         <input_file_ref idref="fl-4"/>
      </object_component>
      <object_component id="oc-178">
         <name>Clb1LogicCtrlRegsFile</name>
         <uninitialized>true</uninitialized>
         <run_address>0x3100</run_address>
         <size>0x40</size>
         <input_file_ref idref="fl-4"/>
      </object_component>
      <object_component id="oc-179">
         <name>Clb2LogicCtrlRegsFile</name>
         <uninitialized>true</uninitialized>
         <run_address>0x3500</run_address>
         <size>0x40</size>
         <input_file_ref idref="fl-4"/>
      </object_component>
      <object_component id="oc-17a">
         <name>Clb3LogicCtrlRegsFile</name>
         <uninitialized>true</uninitialized>
         <run_address>0x3900</run_address>
         <size>0x40</size>
         <input_file_ref idref="fl-4"/>
      </object_component>
      <object_component id="oc-17b">
         <name>Clb4LogicCtrlRegsFile</name>
         <uninitialized>true</uninitialized>
         <run_address>0x3d00</run_address>
         <size>0x40</size>
         <input_file_ref idref="fl-4"/>
      </object_component>
      <object_component id="oc-17c">
         <name>ClbXbarRegsFile</name>
         <uninitialized>true</uninitialized>
         <run_address>0x7a40</run_address>
         <size>0x40</size>
         <input_file_ref idref="fl-4"/>
      </object_component>
      <object_component id="oc-170">
         <name>ClkCfgRegsFile</name>
         <uninitialized>true</uninitialized>
         <run_address>0x5d200</run_address>
         <size>0x32</size>
         <input_file_ref idref="fl-4"/>
      </object_component>
      <object_component id="oc-153">
         <name>Cmpss1RegsFile</name>
         <uninitialized>true</uninitialized>
         <run_address>0x5c80</run_address>
         <size>0x1b</size>
         <input_file_ref idref="fl-4"/>
      </object_component>
      <object_component id="oc-154">
         <name>Cmpss2RegsFile</name>
         <uninitialized>true</uninitialized>
         <run_address>0x5ca0</run_address>
         <size>0x1b</size>
         <input_file_ref idref="fl-4"/>
      </object_component>
      <object_component id="oc-155">
         <name>Cmpss3RegsFile</name>
         <uninitialized>true</uninitialized>
         <run_address>0x5cc0</run_address>
         <size>0x1b</size>
         <input_file_ref idref="fl-4"/>
      </object_component>
      <object_component id="oc-156">
         <name>Cmpss4RegsFile</name>
         <uninitialized>true</uninitialized>
         <run_address>0x5ce0</run_address>
         <size>0x1b</size>
         <input_file_ref idref="fl-4"/>
      </object_component>
      <object_component id="oc-157">
         <name>Cmpss5RegsFile</name>
         <uninitialized>true</uninitialized>
         <run_address>0x5d00</run_address>
         <size>0x1b</size>
         <input_file_ref idref="fl-4"/>
      </object_component>
      <object_component id="oc-158">
         <name>Cmpss6RegsFile</name>
         <uninitialized>true</uninitialized>
         <run_address>0x5d20</run_address>
         <size>0x1b</size>
         <input_file_ref idref="fl-4"/>
      </object_component>
      <object_component id="oc-159">
         <name>Cmpss7RegsFile</name>
         <uninitialized>true</uninitialized>
         <run_address>0x5d40</run_address>
         <size>0x1b</size>
         <input_file_ref idref="fl-4"/>
      </object_component>
      <object_component id="oc-15a">
         <name>Cmpss8RegsFile</name>
         <uninitialized>true</uninitialized>
         <run_address>0x5d60</run_address>
         <size>0x1b</size>
         <input_file_ref idref="fl-4"/>
      </object_component>
      <object_component id="oc-135">
         <name>CpuTimer0RegsFile</name>
         <uninitialized>true</uninitialized>
         <run_address>0xc00</run_address>
         <size>0x8</size>
         <input_file_ref idref="fl-4"/>
      </object_component>
      <object_component id="oc-136">
         <name>CpuTimer1RegsFile</name>
         <uninitialized>true</uninitialized>
         <run_address>0xc08</run_address>
         <size>0x8</size>
         <input_file_ref idref="fl-4"/>
      </object_component>
      <object_component id="oc-137">
         <name>CpuTimer2RegsFile</name>
         <uninitialized>true</uninitialized>
         <run_address>0xc10</run_address>
         <size>0x8</size>
         <input_file_ref idref="fl-4"/>
      </object_component>
      <object_component id="oc-189">
         <name>CpuSysRegsFile</name>
         <uninitialized>true</uninitialized>
         <run_address>0x5d300</run_address>
         <size>0x82</size>
         <input_file_ref idref="fl-4"/>
      </object_component>
      <object_component id="oc-131">
         <name>DacaRegsFile</name>
         <uninitialized>true</uninitialized>
         <run_address>0x5c00</run_address>
         <size>0x7</size>
         <input_file_ref idref="fl-4"/>
      </object_component>
      <object_component id="oc-132">
         <name>DacbRegsFile</name>
         <uninitialized>true</uninitialized>
         <run_address>0x5c10</run_address>
         <size>0x7</size>
         <input_file_ref idref="fl-4"/>
      </object_component>
      <object_component id="oc-133">
         <name>DaccRegsFile</name>
         <uninitialized>true</uninitialized>
         <run_address>0x5c20</run_address>
         <size>0x7</size>
         <input_file_ref idref="fl-4"/>
      </object_component>
      <object_component id="oc-12f">
         <name>DcsmCommonRegsFile</name>
         <uninitialized>true</uninitialized>
         <run_address>0x5f070</run_address>
         <size>0x6</size>
         <input_file_ref idref="fl-4"/>
      </object_component>
      <object_component id="oc-15d">
         <name>DcsmZ1RegsFile</name>
         <uninitialized>true</uninitialized>
         <run_address>0x5f000</run_address>
         <size>0x22</size>
         <input_file_ref idref="fl-4"/>
      </object_component>
      <object_component id="oc-15e">
         <name>DcsmZ2RegsFile</name>
         <uninitialized>true</uninitialized>
         <run_address>0x5f040</run_address>
         <size>0x22</size>
         <input_file_ref idref="fl-4"/>
      </object_component>
      <object_component id="oc-19c">
         <name>DevCfgRegsFile</name>
         <uninitialized>true</uninitialized>
         <run_address>0x5d000</run_address>
         <size>0x12e</size>
         <input_file_ref idref="fl-4"/>
      </object_component>
      <object_component id="oc-14a">
         <name>DmaClaSrcSelRegsFile</name>
         <uninitialized>true</uninitialized>
         <run_address>0x7980</run_address>
         <size>0x1a</size>
         <input_file_ref idref="fl-4"/>
      </object_component>
      <object_component id="oc-18a">
         <name>DmaRegsFile</name>
         <uninitialized>true</uninitialized>
         <run_address>0x1000</run_address>
         <size>0xe0</size>
         <input_file_ref idref="fl-4"/>
      </object_component>
      <object_component id="oc-14b">
         <name>ECap1RegsFile</name>
         <uninitialized>true</uninitialized>
         <run_address>0x5000</run_address>
         <size>0x1a</size>
         <input_file_ref idref="fl-4"/>
      </object_component>
      <object_component id="oc-14d">
         <name>ECap2RegsFile</name>
         <uninitialized>true</uninitialized>
         <run_address>0x5020</run_address>
         <size>0x1a</size>
         <input_file_ref idref="fl-4"/>
      </object_component>
      <object_component id="oc-14e">
         <name>ECap3RegsFile</name>
         <uninitialized>true</uninitialized>
         <run_address>0x5040</run_address>
         <size>0x1a</size>
         <input_file_ref idref="fl-4"/>
      </object_component>
      <object_component id="oc-14f">
         <name>ECap4RegsFile</name>
[...]
         <object_component_ref idref="oc-178"/>
      </symbol>
      <symbol id="sm-530">
         <name>_AdccRegs</name>
         <value>0x7500</value>
         <object_component_ref idref="oc-187"/>
      </symbol>
      <symbol id="sm-531">
         <name>_ScicRegs</name>
         <value>0x7220</value>
         <object_component_ref idref="oc-13f"/>
      </symbol>
      <symbol id="sm-532">
         <name>_ECap1Regs</name>
         <value>0x5000</value>
         <object_component_ref idref="oc-14b"/>
      </symbol>
      <symbol id="sm-533">
         <name>_OutputXbarRegs</name>
         <value>0x7a80</value>
         <object_component_ref idref="oc-17e"/>
      </symbol>
      <symbol id="sm-534">
         <name>_MemoryErrorRegs</name>
         <value>0x5f500</value>
         <object_component_ref idref="oc-171"/>
      </symbol>
      <symbol id="sm-535">
         <name>_Cla1Regs</name>
         <value>0x1400</value>
         <object_component_ref idref="oc-173"/>
      </symbol>
      <symbol id="sm-536">
         <name>_EQep1Regs</name>
         <value>0x5100</value>
         <object_component_ref idref="oc-15f"/>
      </symbol>
      <symbol id="sm-537">
         <name>_DacbRegs</name>
         <value>0x5c10</value>
         <object_component_ref idref="oc-132"/>
      </symbol>
      <symbol id="sm-538">
         <name>_Clb2DataExchRegs</name>
         <value>0x3600</value>
         <object_component_ref idref="oc-199"/>
      </symbol>
      <symbol id="sm-539">
         <name>_Clb4LogicCfgRegs</name>
         <value>0x3c00</value>
         <object_component_ref idref="oc-177"/>
      </symbol>
      <symbol id="sm-53a">
         <name>_UidRegs</name>
         <value>0x703c0</value>
         <object_component_ref idref="oc-145"/>
      </symbol>
      <symbol id="sm-53b">
         <name>_McbspaRegs</name>
         <value>0x6000</value>
         <object_component_ref idref="oc-167"/>
      </symbol>
      <symbol id="sm-53c">
         <name>_EPwm1Regs</name>
         <value>0x4000</value>
         <object_component_ref idref="oc-18b"/>
      </symbol>
      <symbol id="sm-53d">
         <name>_Clb3LogicCtrlRegs</name>
         <value>0x3900</value>
         <object_component_ref idref="oc-17a"/>
      </symbol>
      <symbol id="sm-53e">
         <name>_AdcbRegs</name>
         <value>0x7480</value>
         <object_component_ref idref="oc-186"/>
      </symbol>
      <symbol id="sm-53f">
         <name>_ScibRegs</name>
         <value>0x7210</value>
         <object_component_ref idref="oc-13e"/>
      </symbol>
      <symbol id="sm-540">
         <name>_AdcaResultRegs</name>
         <value>0xb00</value>
         <object_component_ref idref="oc-146"/>
      </symbol>
      <symbol id="sm-541">
         <name>_ECap2Regs</name>
         <value>0x5020</value>
         <object_component_ref idref="oc-14d"/>
      </symbol>
      <symbol id="sm-542">
         <name>_EPwm12Regs</name>
         <value>0x4b00</value>
         <object_component_ref idref="oc-197"/>
      </symbol>
      <symbol id="sm-543">
         <name>_AdcbResultRegs</name>
         <value>0xb20</value>
         <object_component_ref idref="oc-147"/>
      </symbol>
      <symbol id="sm-544">
         <name>_Clb1LogicCfgRegs</name>
         <value>0x3000</value>
         <object_component_ref idref="oc-174"/>
      </symbol>
      <symbol id="sm-545">
         <name>_AdccResultRegs</name>
         <value>0xb40</value>
         <object_component_ref idref="oc-148"/>
      </symbol>
      <symbol id="sm-546">
         <name>_Emif1ConfigRegs</name>
         <value>0x5f480</value>
         <object_component_ref idref="oc-138"/>
      </symbol>
      <symbol id="sm-547">
         <name>_Sdfm2Regs</name>
         <value>0x5e80</value>
         <object_component_ref idref="oc-181"/>
      </symbol>
      <symbol id="sm-548">
         <name>_AdcdResultRegs</name>
         <value>0xb60</value>
         <object_component_ref idref="oc-149"/>
      </symbol>
      <symbol id="sm-549">
         <name>_EQep2Regs</name>
         <value>0x5140</value>
         <object_component_ref idref="oc-161"/>
      </symbol>
      <symbol id="sm-54a">
         <name>_Cmpss1Regs</name>
         <value>0x5c80</value>
         <object_component_ref idref="oc-153"/>
      </symbol>
      <symbol id="sm-54b">
         <name>_EPwm8Regs</name>
         <value>0x4700</value>
         <object_component_ref idref="oc-193"/>
      </symbol>
      <symbol id="sm-54c">
         <name>_Emif2ConfigRegs</name>
         <value>0x5f4a0</value>
         <object_component_ref idref="oc-139"/>
      </symbol>
      <symbol id="sm-54d">
         <name>_DcsmCommonRegs</name>
         <value>0x5f070</value>
         <object_component_ref idref="oc-12f"/>
      </symbol>
      <symbol id="sm-54e">
         <name>_EPwm2Regs</name>
         <value>0x4100</value>
         <object_component_ref idref="oc-18d"/>
      </symbol>
      <symbol id="sm-54f">
         <name>_ECap3Regs</name>
         <value>0x5040</value>
         <object_component_ref idref="oc-14e"/>
      </symbol>
      <symbol id="sm-550">
         <name>_Cmpss8Regs</name>
         <value>0x5d60</value>
         <object_component_ref idref="oc-15a"/>
      </symbol>
      <symbol id="sm-551">
         <name>_EQep3Regs</name>
         <value>0x5180</value>
         <object_component_ref idref="oc-162"/>
      </symbol>
      <symbol id="sm-552">
         <name>_SyncSocRegs</name>
         <value>0x7940</value>
         <object_component_ref idref="oc-130"/>
      </symbol>
      <symbol id="sm-553">
         <name>_EPwm9Regs</name>
         <value>0x4800</value>
         <object_component_ref idref="oc-194"/>
      </symbol>
      <symbol id="sm-554">
         <name>_NmiIntruptRegs</name>
         <value>0x7060</value>
         <object_component_ref idref="oc-134"/>
      </symbol>
      <symbol id="sm-555">
         <name>_EPwm3Regs</name>
         <value>0x4200</value>
         <object_component_ref idref="oc-18e"/>
      </symbol>
      <symbol id="sm-556">
         <name>_I2caRegs</name>
         <value>0x7300</value>
         <object_component_ref idref="oc-163"/>
      </symbol>
      <symbol id="sm-577">
         <name>_GPIO_EnableUnbondedIOPullupsFor176Pin</name>
         <value>0xbf5b</value>
         <object_component_ref idref="oc-253"/>
      </symbol>
      <symbol id="sm-579">
         <name>_GPIO_SetupPinOptions</name>
         <value>0xba71</value>
         <object_component_ref idref="oc-247"/>
      </symbol>
      <symbol id="sm-57b">
         <name>_GPIO_EnableUnbondedIOPullups</name>
         <value>0xbf8c</value>
         <object_component_ref idref="oc-242"/>
      </symbol>
      <symbol id="sm-57d">
         <name>_GPIO_SetupPinMux</name>
         <value>0xbb05</value>
         <object_component_ref idref="oc-248"/>
      </symbol>
      <symbol id="sm-57f">
         <name>_GPIO_EnableUnbondedIOPullupsFor100Pin</name>
         <value>0xbe99</value>
         <object_component_ref idref="oc-252"/>
      </symbol>
      <symbol id="sm-595">
         <name>_InitPieCtrl</name>
         <value>0xbf02</value>
         <object_component_ref idref="oc-233"/>
      </symbol>
      <symbol id="sm-5a6">
         <name>_PieVectTableInit</name>
         <value>0xf000</value>
         <object_component_ref idref="oc-246"/>
      </symbol>
      <symbol id="sm-5a7">
         <name>_InitPieVectTable</name>
         <value>0xbe4d</value>
         <object_component_ref idref="oc-234"/>
      </symbol>
      <symbol id="sm-5e4">
         <name>_InitSysPll</name>
         <value>0xb45b</value>
         <object_component_ref idref="oc-244"/>
      </symbol>
      <symbol id="sm-5e6">
         <name>_DisableDog</name>
         <value>0xd08d</value>
         <object_component_ref idref="oc-241"/>
      </symbol>
      <symbol id="sm-5e8">
         <name>_SysIntOsc2Sel</name>
         <value>0xbfa2</value>
         <object_component_ref idref="oc-255"/>
      </symbol>
      <symbol id="sm-5ea">
         <name>_InitPeripheralClocks</name>
         <value>0xbb91</value>
         <object_component_ref idref="oc-245"/>
      </symbol>
      <symbol id="sm-5ec">
         <name>_SysXtalOscSel</name>
         <value>0xd032</value>
         <object_component_ref idref="oc-256"/>
      </symbol>
      <symbol id="sm-5ee">
         <name>_ConfigureTMXAnalogTrim</name>
         <value>0xbf21</value>
         <object_component_ref idref="oc-243"/>
      </symbol>
      <symbol id="sm-5f0">
         <name>_SysIntOsc1Sel</name>
         <value>0xd022</value>
         <object_component_ref idref="oc-254"/>
      </symbol>
      <symbol id="sm-5f2">
         <name>_ServiceDog</name>
         <value>0xd09b</value>
         <object_component_ref idref="oc-257"/>
      </symbol>
      <symbol id="sm-5f4">
         <name>_InitSysCtrl</name>
         <value>0xbee2</value>
         <object_component_ref idref="oc-230"/>
      </symbol>
      <symbol id="sm-635">
         <name>_Sdfm_enableMIE</name>
         <value>0xbfec</value>
         <object_component_ref idref="oc-23e"/>
      </symbol>
      <symbol id="sm-637">
         <name>_Sdfm_configureInterrupt</name>
         <value>0xb800</value>
         <object_component_ref idref="oc-23d"/>
      </symbol>
      <symbol id="sm-639">
         <name>_Sdfm_configureExternalreset</name>
         <value>0xbc94</value>
         <object_component_ref idref="oc-23c"/>
      </symbol>
      <symbol id="sm-63b">
         <name>_Sdfm_configureData_filter</name>
         <value>0xb000</value>
         <object_component_ref idref="oc-23a"/>
      </symbol>
      <symbol id="sm-63d">
         <name>_Sdfm_configureComparator</name>
         <value>0xb267</value>
         <object_component_ref idref="oc-239"/>
      </symbol>
      <symbol id="sm-63f">
         <name>_Sdfm_configureInputCtrl</name>
         <value>0xbc15</value>
         <object_component_ref idref="oc-238"/>
      </symbol>
      <symbol id="sm-641">
         <name>_Sdfm_enableMFE</name>
         <value>0xbfdb</value>
         <object_component_ref idref="oc-23b"/>
      </symbol>
      <symbol id="sm-67a">
         <name>_I2C</name>
         <value>0xe06c</value>
         <object_component_ref idref="oc-222"/>
      </symbol>
      <symbol id="sm-67b">
         <name>_TRIP_SEL</name>
         <value>0xe000</value>
         <object_component_ref idref="oc-220"/>
      </symbol>
      <symbol id="sm-67c">
         <name>_EPWM</name>
         <value>0xe01e</value>
         <object_component_ref idref="oc-226"/>
      </symbol>
      <symbol id="sm-67d">
         <name>_MCBSP</name>
         <value>0xe070</value>
         <object_component_ref idref="oc-223"/>
      </symbol>
      <symbol id="sm-67e">
         <name>_ECAP</name>
         <value>0xe040</value>
         <object_component_ref idref="oc-21f"/>
      </symbol>
      <symbol id="sm-67f">
         <name>_SPI</name>
         <value>0xe058</value>
         <object_component_ref idref="oc-21e"/>
      </symbol>
      <symbol id="sm-680">
         <name>_EQEP</name>
         <value>0xe038</value>
         <object_component_ref idref="oc-221"/>
      </symbol>
      <symbol id="sm-681">
         <name>_SDFM</name>
         <value>0xe060</value>
         <object_component_ref idref="oc-224"/>
      </symbol>
      <symbol id="sm-682">
         <name>_ADC</name>
         <value>0xe04e</value>
         <object_component_ref idref="oc-225"/>
      </symbol>
      <symbol id="sm-683">
         <name>_SCI</name>
         <value>0xe074</value>
         <object_component_ref idref="oc-21d"/>
      </symbol>
      <symbol id="sm-68f">
         <name>_F28x_usDelay</name>
         <value>0x1cc</value>
         <object_component_ref idref="oc-1c3"/>
      </symbol>
      <symbol id="sm-6c3">
         <name>_main</name>
         <value>0xb64a</value>
         <object_component_ref idref="oc-22d"/>
      </symbol>
      <symbol id="sm-6c5">
         <name>_gPeripheralNumber</name>
         <value>0xe07c</value>
         <object_component_ref idref="oc-1c9"/>
      </symbol>
      <symbol id="sm-6c6">
         <name>_PWM</name>
         <value>0xb9c2</value>
         <object_component_ref idref="oc-232"/>
      </symbol>
      <symbol id="sm-6c8">
         <name>_CLA_initCpu1Cla</name>
         <value>0xbd5d</value>
         <object_component_ref idref="oc-237"/>
      </symbol>
      <symbol id="sm-6ca">
         <name>_cla1Isr4</name>
         <value>0xd051</value>
         <object_component_ref idref="oc-1cd"/>
      </symbol>
      <symbol id="sm-6cc">
         <name>_cla1Isr5</name>
         <value>0xd060</value>
         <object_component_ref idref="oc-1ce"/>
      </symbol>
      <symbol id="sm-6ce">
         <name>_cla1Isr6</name>
         <value>0xd06f</value>
         <object_component_ref idref="oc-1cf"/>
      </symbol>
      <symbol id="sm-6d0">
         <name>_cla1Isr7</name>
         <value>0xd07e</value>
         <object_component_ref idref="oc-1d0"/>
      </symbol>
      <symbol id="sm-6d2">
         <name>_cla1Isr1</name>
         <value>0xd000</value>
         <object_component_ref idref="oc-1ca"/>
      </symbol>
      <symbol id="sm-6d4">
         <name>_cla1Isr2</name>
         <value>0xbfb6</value>
         <object_component_ref idref="oc-1cb"/>
      </symbol>
      <symbol id="sm-6d6">
         <name>_cla1Isr3</name>
         <value>0xd042</value>
         <object_component_ref idref="oc-1cc"/>
      </symbol>
      <symbol id="sm-6d8">
         <name>_cla1Isr8</name>
         <value>0xd011</value>
         <object_component_ref idref="oc-1d1"/>
      </symbol>
      <symbol id="sm-6da">
         <name>_PWM_Init</name>
         <value>0xbe73</value>
         <object_component_ref idref="oc-231"/>
      </symbol>
      <symbol id="sm-6dc">
         <name>_Cla_initMemoryMap</name>
         <value>0xbde8</value>
         <object_component_ref idref="oc-236"/>
      </symbol>
      <symbol id="sm-6de">
         <name>_Sdfm_configurePins</name>
         <value>0xbda3</value>
         <object_component_ref idref="oc-235"/>
      </symbol>
      <symbol id="sm-70f">
         <name>_ClaToCPU</name>
         <value>0x1480</value>
         <object_component_ref idref="oc-1d8"/>
      </symbol>
      <symbol id="sm-710">
         <name>_Filter2_Result</name>
         <value>0x9400</value>
         <object_component_ref idref="oc-1da"/>
      </symbol>
      <symbol id="sm-711">
         <name>_Cla1Task8</name>
         <value>0x8812</value>
         <object_component_ref idref="oc-250"/>
      </symbol>
      <symbol id="sm-713">
         <name>_Cla1Task5</name>
         <value>0x8836</value>
         <object_component_ref idref="oc-24d"/>
      </symbol>
      <symbol id="sm-715">
         <name>_Cla1Task4</name>
         <value>0x882e</value>
         <object_component_ref idref="oc-24c"/>
      </symbol>
      <symbol id="sm-717">
         <name>_Cla1Task7</name>
         <value>0x8846</value>
         <object_component_ref idref="oc-24f"/>
      </symbol>
      <symbol id="sm-719">
         <name>_Cla1Task6</name>
         <value>0x883e</value>
         <object_component_ref idref="oc-24e"/>
      </symbol>
      <symbol id="sm-71b">
         <name>_Cla1Task1</name>
         <value>0x8800</value>
         <object_component_ref idref="oc-249"/>
      </symbol>
      <symbol id="sm-71d">
         <name>_Cla1Task3</name>
         <value>0x8826</value>
         <object_component_ref idref="oc-24b"/>
      </symbol>
      <symbol id="sm-71f">
         <name>_Cla1Task2</name>
         <value>0x881e</value>
         <object_component_ref idref="oc-24a"/>
      </symbol>
      <symbol id="sm-721">
         <name>_Filter1_Result</name>
         <value>0x9000</value>
         <object_component_ref idref="oc-1d9"/>
      </symbol>
      <symbol id="sm-722">
         <name>_TaskClaTask1</name>
         <value>0x8100</value>
         <object_component_ref idref="oc-1dd"/>
      </symbol>
      <symbol id="sm-723">
         <name>_Filter4_Result</name>
         <value>0x9c00</value>
         <object_component_ref idref="oc-1dc"/>
      </symbol>
      <symbol id="sm-724">
         <name>_CpuToCLA</name>
         <value>0x1500</value>
         <object_component_ref idref="oc-1d7"/>
      </symbol>
      <symbol id="sm-725">
         <name>_Filter3_Result</name>
         <value>0x9800</value>
         <object_component_ref idref="oc-1db"/>
      </symbol>
      <symbol id="sm-740">
         <name>_c_int00</name>
         <value>0xbd07</value>
         <object_component_ref idref="oc-1e2"/>
      </symbol>
      <symbol id="sm-741">
         <name>__stack</name>
         <value>0x400</value>
         <object_component_ref idref="oc-1e3"/>
      </symbol>
      <symbol id="sm-752">
         <name>FS$$DIV</name>
         <value>0xb776</value>
         <object_component_ref idref="oc-1e9"/>
      </symbol>
      <symbol id="sm-75e">
         <name>LL$$AND</name>
         <value>0xbf74</value>
         <object_component_ref idref="oc-1ee"/>
      </symbol>
      <symbol id="sm-75f">
         <name>LL$$OR</name>
         <value>0xbf7c</value>
         <object_component_ref idref="oc-1ee"/>
      </symbol>
      <symbol id="sm-760">
         <name>LL$$XOR</name>
         <value>0xbf84</value>
         <object_component_ref idref="oc-1ee"/>
      </symbol>
      <symbol id="sm-76f">
         <name>_copy_in</name>
         <value>0xbebe</value>
         <object_component_ref idref="oc-228"/>
      </symbol>
      <symbol id="sm-781">
         <name>_memcpy</name>
         <value>0xbf3e</value>
         <object_component_ref idref="oc-22c"/>
      </symbol>
      <symbol id="sm-78e">
         <name>__system_pre_init</name>
         <value>0xb7fe</value>
         <object_component_ref idref="oc-227"/>
      </symbol>
      <symbol id="sm-79c">
         <name>__system_post_cinit</name>
         <value>0xbffd</value>
         <object_component_ref idref="oc-229"/>
      </symbol>
      <symbol id="sm-7b1">
         <name>C$$EXIT</name>
         <value>0xbe24</value>
         <object_component_ref idref="oc-22b"/>
      </symbol>
      <symbol id="sm-7b2">
         <name>_exit</name>
         <value>0xbe26</value>
         <object_component_ref idref="oc-22b"/>
      </symbol>
      <symbol id="sm-7b4">
         <name>___TI_cleanup_ptr</name>
         <value>0xe068</value>
         <object_component_ref idref="oc-209"/>
      </symbol>
      <symbol id="sm-7b5">
         <name>___TI_enable_exit_profile_output</name>
         <value>0xe066</value>
         <object_component_ref idref="oc-209"/>
      </symbol>
      <symbol id="sm-7b6">
         <name>_abort</name>
         <value>0xbe24</value>
         <object_component_ref idref="oc-22b"/>
      </symbol>
      <symbol id="sm-7b8">
         <name>___TI_dtors_ptr</name>
         <value>0xe06a</value>
         <object_component_ref idref="oc-209"/>
      </symbol>
      <symbol id="sm-7cc">
         <name>__unlock</name>
         <value>0xe07a</value>
         <object_component_ref idref="oc-251"/>
      </symbol>
      <symbol id="sm-7cd">
         <name>__lock</name>
         <value>0xe078</value>
         <object_component_ref idref="oc-22e"/>
      </symbol>
      <symbol id="sm-7ce">
         <name>__register_lock</name>
         <value>0xd632</value>
         <object_component_ref idref="oc-23f"/>
      </symbol>
      <symbol id="sm-7d0">
         <name>__nop</name>
         <value>0xd636</value>
         <object_component_ref idref="oc-23f"/>
      </symbol>
      <symbol id="sm-7d2">
         <name>__register_unlock</name>
         <value>0xd62e</value>
         <object_component_ref idref="oc-23f"/>
      </symbol>
      <symbol id="sm-7e2">
         <name>__args_main</name>
         <value>0xbfc9</value>
         <object_component_ref idref="oc-22a"/>
      </symbol>
   </symbol_table>
   <title>Link successful</title>
</link_info>
